app/components/admin/EventForm.tsx(72,25): error TS2345: Argument of type '{ title: string; type: EventType; date: string; startTime: string; endTime: string; duration: number; location: string | undefined; description: string | undefined; invitees: string[] | undefined; }' is not assignable to parameter of type 'Omit<CalendarEvent, "id">'.
  Property 'color' is missing in type '{ title: string; type: EventType; date: string; startTime: string; endTime: string; duration: number; location: string | undefined; description: string | undefined; invitees: string[] | undefined; }' but required in type 'Omit<CalendarEvent, "id">'.
